
> cv-maker@0.1.0 build
> next build --webpack

node.exe : [baseline-
browser-mapping] The 
data in this module 
is over two months 
old.  To ensure 
accurate Baseline 
data, please update: 
`npm i baseline-brows
er-mapping@latest -D`
At line:1 char:1
+ & "C:\Program Files
\nodejs/node.exe" 
"C:\Program 
Files\nodejs/node_mo 
...
+ ~~~~~~~~~~~~~~~~~~~
~~~~~~~~~~~~~~~~~~~~~
~~~~~~~~~~~~~~~~~~~~~
~~~~~~~~
    + CategoryInfo   
           : NotSpe  
  cified: ([baseli   
 ne-brows...ping@    
latest -D`:Strin    
g) [], RemoteExc    
eption
    + FullyQualified 
   ErrorId : Native  
  CommandError
 
   Ôû▓ Next.js 16.0.3 (webpack)
   - Environments: .env.local

 ÔÜá The 
"middleware" file 
convention is 
deprecated. Please 
use "proxy" instead. 
Learn more: https://n
extjs.org/docs/messag
es/middleware-to-prox
y
   Creating an optimized production build ...
 Ô£ô Compiled successfully in 3.4s
   Running TypeScript ...
Failed to compile.

.next/dev/types/app/p
age.ts:2:24
Type error: Cannot 
find module '../../..
/../app/page.js' or 
its corresponding 
type declarations.

[0m [90m 1 |[39m 
[90m// File: D:\cv-m
aker\app\page.tsx[39
m
[31m[1m>[22m[39m
[90m 2 |[39m 
[36mimport[39m 
[33m*[39m 
[36mas[39m entry 
[36mfrom[39m [32m'
../../../../app/page.
js'[39m
 [90m   |[39m      
                  
[31m[1m^[22m[39m
 [90m 3 |[39m 
[36mimport[39m 
type { [33mResolving
Metadata[39m[33m,[
39m [33mResolvingVie
wport[39m } 
[36mfrom[39m [32m'
next/dist/lib/metadat
a/types/metadata-inte
rface.js'[39m
 [90m 4 |[39m
 [90m 5 |[39m 
[36mimport[39m 
type { [33mPrefetchF
orTypeCheckInternal[
39m } [36mfrom[39m 
[32m'next/dist/build
/segment-config/app/a
pp-segment-config.js'
[39m[0m
Next.js build worker 
exited with code: 1 
and signal: null
